Microchip MPLAB XC8 Compiler V1.35 ()

Linker command line:

-W-3 --edf=/opt/microchip/xc8/v1.35/dat/en_msgs.txt -cs \
  -h+dist/default/production/ledstrings.X.production.sym \
  --cmf=dist/default/production/ledstrings.X.production.cmf -z -Q18F2455 \
  -o/tmp/xcXFXsjBz -Mdist/default/production/ledstrings.X.production.map \
  -E1 -ver=XC8 -ASTACK=01C6h-07ffh -pstack=STACK -ACODE=00h-05FFFh \
  -ACONST=00h-05FFFh -ASMALLCONST=0800h-08FFhx88 -AMEDIUMCONST=0800h-05FFFh \
  -ACOMRAM=01h-05Fh -AABS1=00h-07FFh -ABIGRAM=01h-07FFh \
  -ARAM=060h-0FFh,0100h-01FFhx7 -ABANK0=060h-0FFh -ABANK1=0100h-01FFh \
  -ABANK2=0200h-02FFh -ABANK3=0300h-03FFh -ABANK4=0400h-04FFh \
  -ABANK5=0500h-05FFh -ABANK6=0600h-06FFh -ABANK7=0700h-07FFh \
  -ASFR=0F60h-0FFFh -preset_vec=00h,intcode,intcodelo,powerup,init,end_init \
  -pramtop=0800h -psmallconst=SMALLCONST -pmediumconst=MEDIUMCONST \
  -pconst=CONST -AFARRAM=00h-00h -ACONFIG=0300000h-030000Dh -pconfig=CONFIG \
  -AIDLOC=0200000h-0200007h -pidloc=IDLOC -AEEDATA=0F00000h-0F000FFh \
  -peeprom_data=EEDATA \
  -prdata=COMRAM,nvrram=COMRAM,nvbit=COMRAM,rbss=COMRAM,rbit=COMRAM \
  -pfarbss=FARRAM,fardata=FARRAM,nvFARRAM=FARRAM \
  -pintsave_regs=BIGRAM,bigbss=BIGRAM,bigdata=BIGRAM -pbss=RAM \
  -pidata=CODE,irdata=CODE,ibigdata=CODE,ifardata=CODE -prparam=COMRAM \
  /tmp/xcXbd8H3b.obj dist/default/production/ledstrings.X.production.obj 

Object code version is 3.11

Machine type is 18F2455

Call graph: (short form)




                Name                               Link     Load   Length Selector   Space Scale
/tmp/xcXbd8H3b.obj
                end_init                              0        0        4        0       0
                idloc                            200000   200000        8   200000       0
                config                           300000   300000        E   300000       0
dist/default/production/ledstrings.X.production.obj
                text2                              5B26     5B26       22     2D93       0
                text1                              5B48     5B48       22     2DA4       0
                text0                              5B6A     5B6A      496     2DB5       0
                cstackCOMRAM                          1        1        4        1       1
                cstackBANK1                         100      100       C6      100       1
                cinit                              5B20     5B20        6     2D90       0

TOTAL           Name                               Link     Load   Length     Space
        CLASS   STACK          

        CLASS   CODE           
                end_init                              0        0        4         0
                text2                              5B26     5B26       22         0
                text1                              5B48     5B48       22         0
                text0                              5B6A     5B6A      496         0
                cinit                              5B20     5B20        6         0

        CLASS   CONST          

        CLASS   SMALLCONST     

        CLASS   MEDIUMCONST    

        CLASS   COMRAM         
                cstackCOMRAM                          1        1        4         1

        CLASS   ABS1           

        CLASS   BIGRAM         

        CLASS   RAM            

        CLASS   BANK0          

        CLASS   BANK1          
                cstackBANK1                         100      100       C6         1

        CLASS   BANK2          

        CLASS   BANK3          

        CLASS   BANK4          

        CLASS   BANK5          

        CLASS   BANK6          

        CLASS   BANK7          

        CLASS   SFR            

        CLASS   FARRAM         

        CLASS   CONFIG         
                config                           300000   300000        E         0

        CLASS   IDLOC          
                idloc                            200000   200000        8         0

        CLASS   EEDATA         



SEGMENTS        Name                           Load    Length   Top    Selector   Space  Class

                reset_vec                      000000  000004  000004         0       0  CODE    
                cstackCOMRAM                   000001  000004  000005         1       1  COMRAM  
                cstackBANK1                    000100  0000C6  0001C6       100       1  BANK1   
                cinit                          005B20  000006  005B26      2D90       0  CODE    
                text2                          005B26  000022  005B48      2D93       0  CODE    
                text1                          005B48  000022  005B6A      2DA4       0  CODE    
                text0                          005B6A  000496  006000      2DB5       0  CODE    
                idloc                          200000  000008  200008    200000       0  IDLOC   
                config                         300000  00000E  30000E    300000       0  CONFIG  


UNUSED ADDRESS RANGES

        Name                Unused          Largest block    Delta
        BANK0            000060-0000FF               A0
        BANK1            0001C6-0001FF               3A
        BANK2            000200-0002FF              100
        BANK3            000300-0003FF              100
        BANK4            000400-0004FF              100
        BANK5            000500-0005FF              100
        BANK6            000600-0006FF              100
        BANK7            000700-0007FF              100
        BIGRAM           000005-0000FF               FB
                         0001C6-0007FF              63A
        CODE             000004-005B1F             5B1C
        COMRAM           000005-00005F               5B
        CONST            000004-005B1F             5B1C
        EEDATA           F00000-F000FF              100
        MEDIUMCONST      000800-005B1F             5320
        RAM              000060-0000FF               A0
                         0001C6-0007FF              100
        SFR              000F60-000FFF               A0
        SMALLCONST       000800-005B1F              100
        STACK            0001C6-0007FF              63A

                                  Symbol Table

_ADCON1                  (abs)        000FC1
_PORTA                   (abs)        000F80
_PORTAbits               (abs)        000F80
_PORTB                   (abs)        000F81
_PORTC                   (abs)        000F82
_T1CONbits               (abs)        000FCD
_TRISA                   (abs)        000F92
_TRISB                   (abs)        000F93
_TRISC                   (abs)        000F94
__CFG_BOR$ON             (abs)        000000
__CFG_BORV$3             (abs)        000000
__CFG_CCP2MX$ON          (abs)        000000
__CFG_CP0$OFF            (abs)        000000
__CFG_CP1$OFF            (abs)        000000
__CFG_CP2$OFF            (abs)        000000
__CFG_CPB$OFF            (abs)        000000
__CFG_CPD$OFF            (abs)        000000
__CFG_CPUDIV$OSC1_PLL2   (abs)        000000
__CFG_EBTR0$OFF          (abs)        000000
__CFG_EBTR1$OFF          (abs)        000000
__CFG_EBTR2$OFF          (abs)        000000
__CFG_EBTRB$OFF          (abs)        000000
__CFG_FCMEN$OFF          (abs)        000000
__CFG_FOSC$HSPLL_HS      (abs)        000000
__CFG_IESO$OFF           (abs)        000000
__CFG_LPT1OSC$OFF        (abs)        000000
__CFG_LVP$OFF            (abs)        000000
__CFG_MCLRE$ON           (abs)        000000
__CFG_PBADEN$OFF         (abs)        000000
__CFG_PLLDIV$5           (abs)        000000
__CFG_PWRT$OFF           (abs)        000000
__CFG_STVREN$ON          (abs)        000000
__CFG_USBDIV$1           (abs)        000000
__CFG_VREGEN$OFF         (abs)        000000
__CFG_WDT$OFF            (abs)        000000
__CFG_WDTPS$32768        (abs)        000000
__CFG_WRT0$OFF           (abs)        000000
__CFG_WRT1$OFF           (abs)        000000
__CFG_WRT2$OFF           (abs)        000000
__CFG_WRTB$OFF           (abs)        000000
__CFG_WRTC$OFF           (abs)        000000
__CFG_WRTD$OFF           (abs)        000000
__CFG_XINST$OFF          (abs)        000000
__HRAM                   (abs)        000000
__Habs1                  abs1         000000
__Hbank0                 bank0        000000
__Hbank1                 bank1        000000
__Hbank2                 bank2        000000
__Hbank3                 bank3        000000
__Hbank4                 bank4        000000
__Hbank5                 bank5        000000
__Hbank6                 bank6        000000
__Hbank7                 bank7        000000
__Hbigbss                bigbss       000000
__Hbigdata               bigdata      000000
__Hbigram                bigram       000000
__Hbss                   bss          000000
__Hcinit                 cinit        000000
__Hclrtext               clrtext      000000
__Hcomram                comram       000000
__Hconfig                config       30000E
__Hconst                 const        000000
__HcstackBANK1           cstackBANK1  000000
__HcstackCOMRAM          cstackCOMRAM 000000
__Hdata                  data         000000
__Heeprom_data           eeprom_data  000000
__Hend_init              end_init     000004
__Hfarbss                farbss       000000
__Hfardata               fardata      000000
__Hibigdata              ibigdata     000000
__Hidata                 idata        000000
__Hidloc                 idloc        200008
__Hifardata              ifardata     000000
__Hinit                  init         000000
__Hintcode               intcode      000000
__Hintcode_body          intcode_body 000000
__Hintcodelo             intcodelo    000000
__Hintentry              intentry     000000
__Hintret                intret       000000
__Hintsave_regs          intsave_regs 000000
__Hirdata                irdata       000000
__Hmediumconst           mediumconst  000000
__HnvFARRAM              nvFARRAM     000000
__Hnvbit                 nvbit        000000
__Hnvrram                nvrram       000000
__Hparam                 rparam       000000
__Hpowerup               powerup      000000
__Hram                   ram          000000
__Hramtop                ramtop       000800
__Hrbit                  rbit         000000
__Hrbss                  rbss         000000
__Hrdata                 rdata        000000
__Hreset_vec             reset_vec    000000
__Hrparam                rparam       000000
__Hsfr                   sfr          000000
__Hsmallconst            smallconst   000000
__Hspace_0               (abs)        30000E
__Hspace_1               (abs)        0001C6
__Hspace_2               (abs)        000000
__Hstack                 stack        000000
__Hstruct                struct       000000
__Htemp                  temp         000000
__Htext                  text         000000
__Htext0                 text0        000000
__Htext1                 text1        000000
__Htext2                 text2        000000
__LRAM                   (abs)        000001
__Labs1                  abs1         000000
__Lbank0                 bank0        000000
__Lbank1                 bank1        000000
__Lbank2                 bank2        000000
__Lbank3                 bank3        000000
__Lbank4                 bank4        000000
__Lbank5                 bank5        000000
__Lbank6                 bank6        000000
__Lbank7                 bank7        000000
__Lbigbss                bigbss       000000
__Lbigdata               bigdata      000000
__Lbigram                bigram       000000
__Lbss                   bss          000000
__Lcinit                 cinit        000000
__Lclrtext               clrtext      000000
__Lcomram                comram       000000
__Lconfig                config       300000
__Lconst                 const        000000
__LcstackBANK1           cstackBANK1  000000
__LcstackCOMRAM          cstackCOMRAM 000000
__Ldata                  data         000000
__Leeprom_data           eeprom_data  000000
__Lend_init              end_init     000000
__Lfarbss                farbss       000000
__Lfardata               fardata      000000
__Libigdata              ibigdata     000000
__Lidata                 idata        000000
__Lidloc                 idloc        200000
__Lifardata              ifardata     000000
__Linit                  init         000000
__Lintcode               intcode      000000
__Lintcode_body          intcode_body 000000
__Lintcodelo             intcodelo    000000
__Lintentry              intentry     000000
__Lintret                intret       000000
__Lintsave_regs          intsave_regs 000000
__Lirdata                irdata       000000
__Lmediumconst           mediumconst  000000
__LnvFARRAM              nvFARRAM     000000
__Lnvbit                 nvbit        000000
__Lnvrram                nvrram       000000
__Lparam                 rparam       000000
__Lpowerup               powerup      000000
__Lram                   ram          000000
__Lramtop                ramtop       000800
__Lrbit                  rbit         000000
__Lrbss                  rbss         000000
__Lrdata                 rdata        000000
__Lreset_vec             reset_vec    000000
__Lrparam                rparam       000000
__Lsfr                   sfr          000000
__Lsmallconst            smallconst   000000
__Lspace_0               (abs)        000000
__Lspace_1               (abs)        000000
__Lspace_2               (abs)        000000
__Lstack                 stack        000000
__Lstruct                struct       000000
__Ltemp                  temp         000000
__Ltext                  text         000000
__Ltext0                 text0        000000
__Ltext1                 text1        000000
__Ltext2                 text2        000000
__S0                     (abs)        30000E
__S1                     (abs)        0001C6
__S2                     (abs)        000000
___inthi_sp              stack        000000
___intlo_sp              stack        000000
___param_bank            (abs)        000010
___rparam_used           (abs)        000001
___sp                    stack        000000
__accesstop              (abs)        000060
__activetblptr           (abs)        000000
__end_of__initialization cinit        005B20
__end_of_main            text0        006000
__end_of_one             text2        005B48
__end_of_zero            text1        005B6A
__initialization         cinit        005B20
__mediumconst            mediumconst  000000
__pcinit                 cinit        005B20
__pcstackBANK1           cstackBANK1  000100
__pcstackCOMRAM          cstackCOMRAM 000001
__ptext0                 text0        005B6A
__ptext1                 text1        005B48
__ptext2                 text2        005B26
__ramtop                 ramtop       000800
__size_of_main           (abs)        000000
__size_of_one            (abs)        000000
__size_of_zero           (abs)        000000
__smallconst             smallconst   000000
_main                    text0        005B6A
_one                     text2        005B26
_zero                    text1        005B48
end_of_initialization    cinit        005B20
intlevel0                text         000000
intlevel1                text         000000
intlevel2                text         000000
intlevel3                text         000000
main@changeDelay         cstackBANK1  0001B4
main@changeDelayCounter  cstackBANK1  0001B0
main@currentLed          cstackBANK1  0001BE
main@i                   cstackBANK1  0001BA
main@i_188               cstackBANK1  0001B8
main@ledColour           cstackBANK1  000100
main@ledCount            cstackBANK1  0001C0
main@ledIndex            cstackBANK1  0001BC
main@tempColour          cstackBANK1  0001C2
stackhi                  (abs)        0007FF
stacklo                  (abs)        0001C6
start                    init         000000
start_initialization     cinit        005B20


FUNCTION INFORMATION:

 *************** function _main *****************
 Defined at:
		line 85 in file "newmain.c"
 Parameters:    Size  Location     Type
		None
 Auto vars:     Size  Location     Type
  tempColour      4  194[BANK1 ] long 
  i               2  184[BANK1 ] int 
  ledIndex        2  188[BANK1 ] int 
  i               2  186[BANK1 ] int 
  ledColour     176    0[BANK1 ] long [44]
  changeDelay     4  180[BANK1 ] long 
  changeDelayC    4  176[BANK1 ] long 
  ledCount        2  192[BANK1 ] const int 
  currentLed      2  190[BANK1 ] int 
 Return value:  Size  Location     Type
		None               void
 Registers used:
		wreg, fsr2l, fsr2h, status,2, status,0, cstack
 Tracked objects:
		On entry : 
		On exit  : 
		Unchanged: 
 Data sizes:     COMRAM   BANK0   BANK1   BANK2   BANK3   BANK4   BANK5   BANK6   BANK7
      Params:         0       0       0       0       0       0       0       0       0
      Locals:         0       0     198       0       0       0       0       0       0
      Temps:          4       0       0       0       0       0       0       0       0
      Totals:         4       0     198       0       0       0       0       0       0
Total ram usage:      202 bytes
 Hardware stack levels required when called:    1
 This function calls:
		_one
		_zero
 This function is called by:
		Startup code after reset
 This function uses a non-reentrant model


 *************** function _zero *****************
 Defined at:
		line 64 in file "newmain.c"
 Parameters:    Size  Location     Type
		None
 Auto vars:     Size  Location     Type
		None
 Return value:  Size  Location     Type
		None               void
 Registers used:
		None
 Tracked objects:
		On entry : 
		On exit  : 
		Unchanged: 
 Data sizes:     COMRAM   BANK0   BANK1   BANK2   BANK3   BANK4   BANK5   BANK6   BANK7
      Params:         0       0       0       0       0       0       0       0       0
      Locals:         0       0       0       0       0       0       0       0       0
      Temps:          0       0       0       0       0       0       0       0       0
      Totals:         0       0       0       0       0       0       0       0       0
Total ram usage:        0 bytes
 Hardware stack levels used:    1
 This function calls:
		Nothing
 This function is called by:
		_main
 This function uses a non-reentrant model


 *************** function _one *****************
 Defined at:
		line 30 in file "newmain.c"
 Parameters:    Size  Location     Type
		None
 Auto vars:     Size  Location     Type
		None
 Return value:  Size  Location     Type
		None               void
 Registers used:
		None
 Tracked objects:
		On entry : 
		On exit  : 
		Unchanged: 
 Data sizes:     COMRAM   BANK0   BANK1   BANK2   BANK3   BANK4   BANK5   BANK6   BANK7
      Params:         0       0       0       0       0       0       0       0       0
      Locals:         0       0       0       0       0       0       0       0       0
      Temps:          0       0       0       0       0       0       0       0       0
      Totals:         0       0       0       0       0       0       0       0       0
Total ram usage:        0 bytes
 Hardware stack levels used:    1
 This function calls:
		Nothing
 This function is called by:
		_main
 This function uses a non-reentrant model



MODULE INFORMATION

Module		Function		Class		Link	Load	Size
newmain.c
		_main          		CODE           	5B6A	0000	1175
		_one           		CODE           	5B26	0000	35
		_zero          		CODE           	5B48	0000	35

newmain.c estimated size: 1245

shared
		__initialization		CODE           	5B20	0000	1

shared estimated size: 1

