Microchip MPLAB XC8 Compiler V1.35 ()

Linker command line:

-W-3 --edf=/opt/microchip/xc8/v1.35/dat/en_msgs.txt -cs \
  -h+dist/default/production/ledpoi.X.production.sym \
  --cmf=dist/default/production/ledpoi.X.production.cmf -z -Q18F2455 \
  -o/tmp/xcXUR1LDZ -Mdist/default/production/ledpoi.X.production.map -E1 \
  -ver=XC8 -ASTACK=060h-057fh -pstack=STACK -ACODE=00h-05FFFh \
  -ACONST=00h-05FFFh -ASMALLCONST=0800h-08FFhx88 -AMEDIUMCONST=0800h-05FFFh \
  -ACOMRAM=01h-05Fh -AABS1=00h-07FFh -ABIGRAM=01h-07FFh \
  -ARAM=060h-0FFh,0100h-01FFhx7 -ABANK0=060h-0FFh -ABANK1=0100h-01FFh \
  -ABANK2=0200h-02FFh -ABANK3=0300h-03FFh -ABANK4=0400h-04FFh \
  -ABANK5=0500h-05FFh -ABANK6=0600h-06FFh -ABANK7=0700h-07FFh \
  -ASFR=0F60h-0FFFh -preset_vec=00h,intcode,intcodelo,powerup,init,end_init \
  -pramtop=0800h -psmallconst=SMALLCONST -pmediumconst=MEDIUMCONST \
  -pconst=CONST -AFARRAM=00h-00h -ACONFIG=0300000h-030000Dh -pconfig=CONFIG \
  -AIDLOC=0200000h-0200007h -pidloc=IDLOC -AEEDATA=0F00000h-0F000FFh \
  -peeprom_data=EEDATA \
  -prdata=COMRAM,nvrram=COMRAM,nvbit=COMRAM,rbss=COMRAM,rbit=COMRAM \
  -pfarbss=FARRAM,fardata=FARRAM,nvFARRAM=FARRAM \
  -pintsave_regs=BIGRAM,bigbss=BIGRAM,bigdata=BIGRAM -pbss=RAM \
  -pidata=CODE,irdata=CODE,ibigdata=CODE,ifardata=CODE -prparam=COMRAM \
  /tmp/xcXImdrdQ.obj dist/default/production/ledpoi.X.production.obj 

Object code version is 3.11

Machine type is 18F2455

Call graph: (short form)




                Name                               Link     Load   Length Selector   Space Scale
/tmp/xcXImdrdQ.obj
                end_init                              0        0        4        0       0
                idloc                            200000   200000        8   200000       0
                config                           300000   300000        E   300000       0
dist/default/production/ledpoi.X.production.obj
                text2                              5B1E     5B1E       24     2D8F       0
                text1                              5B6C     5B6C       4E     2DB6       0
                text0                              5BBA     5BBA      1C6     2DDD       0
                cstackCOMRAM                          1        1       21        1       1
                dataBIGRAM                          580      580      280      580       1
                cinit                              5B42     5B42       2A     2DA1       0
                idataBIGRAM                        5D80     5D80      280     5D80       0

TOTAL           Name                               Link     Load   Length     Space
        CLASS   STACK          

        CLASS   CODE           
                end_init                              0        0        4         0
                text2                              5B1E     5B1E       24         0
                text1                              5B6C     5B6C       4E         0
                text0                              5BBA     5BBA      1C6         0
                cinit                              5B42     5B42       2A         0
                idataBIGRAM                        5D80     5D80      280         0

        CLASS   CONST          

        CLASS   SMALLCONST     

        CLASS   MEDIUMCONST    

        CLASS   COMRAM         
                cstackCOMRAM                          1        1       21         1

        CLASS   ABS1           

        CLASS   BIGRAM         
                dataBIGRAM                          580      580      280         1

        CLASS   RAM            

        CLASS   BANK0          

        CLASS   BANK1          

        CLASS   BANK2          

        CLASS   BANK3          

        CLASS   BANK4          

        CLASS   BANK5          

        CLASS   BANK6          

        CLASS   BANK7          

        CLASS   SFR            

        CLASS   FARRAM         

        CLASS   CONFIG         
                config                           300000   300000        E         0

        CLASS   IDLOC          
                idloc                            200000   200000        8         0

        CLASS   EEDATA         



SEGMENTS        Name                           Load    Length   Top    Selector   Space  Class

                reset_vec                      000000  000004  000004         0       0  CODE    
                cstackCOMRAM                   000001  000021  000022         1       1  COMRAM  
                dataBIGRAM                     000580  000280  000800       580       1  BIGRAM  
                text2                          005B1E  000024  005B42      2D8F       0  CODE    
                cinit                          005B42  00002A  005B6C      2DA1       0  CODE    
                text1                          005B6C  00004E  005BBA      2DB6       0  CODE    
                text0                          005BBA  0001C6  005D80      2DDD       0  CODE    
                idataBIGRAM                    005D80  000280  006000      5D80       0  CODE    
                idloc                          200000  000008  200008    200000       0  IDLOC   
                config                         300000  00000E  30000E    300000       0  CONFIG  


UNUSED ADDRESS RANGES

        Name                Unused          Largest block    Delta
        BANK0            000060-0000FF               A0
        BANK1            000100-0001FF              100
        BANK2            000200-0002FF              100
        BANK3            000300-0003FF              100
        BANK4            000400-0004FF              100
        BANK5            000500-00057F               80
        BIGRAM           000022-00057F              55E
        CODE             000004-005B1D             5B1A
        COMRAM           000022-00005F               3E
        CONST            000004-005B1D             5B1A
        EEDATA           F00000-F000FF              100
        MEDIUMCONST      000800-005B1D             531E
        RAM              000060-00057F              100
        SFR              000F60-000FFF               A0
        SMALLCONST       000800-005B1D              100
        STACK            000060-00057F              520

                                  Symbol Table

?_update_leds                   cstackCOMRAM 000001
_ADCON1                         (abs)        000FC1
_PORTA                          (abs)        000F80
_PORTAbits                      (abs)        000F80
_PORTB                          (abs)        000F81
_PORTC                          (abs)        000F82
_T1CONbits                      (abs)        000FCD
_TRISA                          (abs)        000F92
_TRISB                          (abs)        000F93
_TRISC                          (abs)        000F94
__CFG_BOR$ON                    (abs)        000000
__CFG_BORV$3                    (abs)        000000
__CFG_CCP2MX$ON                 (abs)        000000
__CFG_CP0$OFF                   (abs)        000000
__CFG_CP1$OFF                   (abs)        000000
__CFG_CP2$OFF                   (abs)        000000
__CFG_CPB$OFF                   (abs)        000000
__CFG_CPD$OFF                   (abs)        000000
__CFG_CPUDIV$OSC1_PLL2          (abs)        000000
__CFG_EBTR0$OFF                 (abs)        000000
__CFG_EBTR1$OFF                 (abs)        000000
__CFG_EBTR2$OFF                 (abs)        000000
__CFG_EBTRB$OFF                 (abs)        000000
__CFG_FCMEN$OFF                 (abs)        000000
__CFG_FOSC$HS                   (abs)        000000
__CFG_IESO$OFF                  (abs)        000000
__CFG_LPT1OSC$OFF               (abs)        000000
__CFG_LVP$OFF                   (abs)        000000
__CFG_MCLRE$ON                  (abs)        000000
__CFG_PBADEN$OFF                (abs)        000000
__CFG_PLLDIV$1                  (abs)        000000
__CFG_PWRT$OFF                  (abs)        000000
__CFG_STVREN$ON                 (abs)        000000
__CFG_USBDIV$1                  (abs)        000000
__CFG_VREGEN$OFF                (abs)        000000
__CFG_WDT$OFF                   (abs)        000000
__CFG_WDTPS$32768               (abs)        000000
__CFG_WRT0$OFF                  (abs)        000000
__CFG_WRT1$OFF                  (abs)        000000
__CFG_WRT2$OFF                  (abs)        000000
__CFG_WRTB$OFF                  (abs)        000000
__CFG_WRTC$OFF                  (abs)        000000
__CFG_WRTD$OFF                  (abs)        000000
__CFG_XINST$OFF                 (abs)        000000
__HRAM                          (abs)        000000
__Habs1                         abs1         000000
__Hbank0                        bank0        000000
__Hbank1                        bank1        000000
__Hbank2                        bank2        000000
__Hbank3                        bank3        000000
__Hbank4                        bank4        000000
__Hbank5                        bank5        000000
__Hbank6                        bank6        000000
__Hbank7                        bank7        000000
__Hbigbss                       bigbss       000000
__Hbigdata                      bigdata      000000
__Hbigram                       bigram       000000
__Hbss                          bss          000000
__Hcinit                        cinit        000000
__Hclrtext                      clrtext      000000
__Hcomram                       comram       000000
__Hconfig                       config       30000E
__Hconst                        const        000000
__HcstackCOMRAM                 cstackCOMRAM 000000
__Hdata                         data         000000
__HdataBIGRAM                   dataBIGRAM   000000
__Heeprom_data                  eeprom_data  000000
__Hend_init                     end_init     000004
__Hfarbss                       farbss       000000
__Hfardata                      fardata      000000
__Hibigdata                     ibigdata     000000
__Hidata                        idata        000000
__HidataBIGRAM                  idataBIGRAM  000000
__Hidloc                        idloc        200008
__Hifardata                     ifardata     000000
__Hinit                         init         000000
__Hintcode                      intcode      000000
__Hintcode_body                 intcode_body 000000
__Hintcodelo                    intcodelo    000000
__Hintentry                     intentry     000000
__Hintret                       intret       000000
__Hintsave_regs                 intsave_regs 000000
__Hirdata                       irdata       000000
__Hmediumconst                  mediumconst  000000
__HnvFARRAM                     nvFARRAM     000000
__Hnvbit                        nvbit        000000
__Hnvrram                       nvrram       000000
__Hparam                        rparam       000000
__Hpowerup                      powerup      000000
__Hram                          ram          000000
__Hramtop                       ramtop       000800
__Hrbit                         rbit         000000
__Hrbss                         rbss         000000
__Hrdata                        rdata        000000
__Hreset_vec                    reset_vec    000000
__Hrparam                       rparam       000000
__Hsfr                          sfr          000000
__Hsmallconst                   smallconst   000000
__Hspace_0                      (abs)        30000E
__Hspace_1                      (abs)        000800
__Hspace_2                      (abs)        000000
__Hstack                        stack        000000
__Hstruct                       struct       000000
__Htemp                         temp         000000
__Htext                         text         000000
__Htext0                        text0        000000
__Htext1                        text1        000000
__Htext2                        text2        000000
__LRAM                          (abs)        000001
__Labs1                         abs1         000000
__Lbank0                        bank0        000000
__Lbank1                        bank1        000000
__Lbank2                        bank2        000000
__Lbank3                        bank3        000000
__Lbank4                        bank4        000000
__Lbank5                        bank5        000000
__Lbank6                        bank6        000000
__Lbank7                        bank7        000000
__Lbigbss                       bigbss       000000
__Lbigdata                      bigdata      000000
__Lbigram                       bigram       000000
__Lbss                          bss          000000
__Lcinit                        cinit        000000
__Lclrtext                      clrtext      000000
__Lcomram                       comram       000000
__Lconfig                       config       300000
__Lconst                        const        000000
__LcstackCOMRAM                 cstackCOMRAM 000000
__Ldata                         data         000000
__LdataBIGRAM                   dataBIGRAM   000000
__Leeprom_data                  eeprom_data  000000
__Lend_init                     end_init     000000
__Lfarbss                       farbss       000000
__Lfardata                      fardata      000000
__Libigdata                     ibigdata     000000
__Lidata                        idata        000000
__LidataBIGRAM                  idataBIGRAM  000000
__Lidloc                        idloc        200000
__Lifardata                     ifardata     000000
__Linit                         init         000000
__Lintcode                      intcode      000000
__Lintcode_body                 intcode_body 000000
__Lintcodelo                    intcodelo    000000
__Lintentry                     intentry     000000
__Lintret                       intret       000000
__Lintsave_regs                 intsave_regs 000000
__Lirdata                       irdata       000000
__Lmediumconst                  mediumconst  000000
__LnvFARRAM                     nvFARRAM     000000
__Lnvbit                        nvbit        000000
__Lnvrram                       nvrram       000000
__Lparam                        rparam       000000
__Lpowerup                      powerup      000000
__Lram                          ram          000000
__Lramtop                       ramtop       000800
__Lrbit                         rbit         000000
__Lrbss                         rbss         000000
__Lrdata                        rdata        000000
__Lreset_vec                    reset_vec    000000
__Lrparam                       rparam       000000
__Lsfr                          sfr          000000
__Lsmallconst                   smallconst   000000
__Lspace_0                      (abs)        000000
__Lspace_1                      (abs)        000000
__Lspace_2                      (abs)        000000
__Lstack                        stack        000000
__Lstruct                       struct       000000
__Ltemp                         temp         000000
__Ltext                         text         000000
__Ltext0                        text0        000000
__Ltext1                        text1        000000
__Ltext2                        text2        000000
__S0                            (abs)        30000E
__S1                            (abs)        000800
__S2                            (abs)        000000
___inthi_sp                     stack        000000
___intlo_sp                     stack        000000
___param_bank                   (abs)        000010
___rparam_used                  (abs)        000001
___sp                           stack        000000
__accesstop                     (abs)        000060
__activetblptr                  (abs)        000000
__end_of__initialization        cinit        005B66
__end_of_delay                  text2        005B42
__end_of_main                   text0        005D80
__end_of_update_leds            text1        005BBA
__initialization                cinit        005B42
__mediumconst                   mediumconst  000000
__pcinit                        cinit        005B42
__pcstackCOMRAM                 cstackCOMRAM 000001
__pdataBIGRAM                   dataBIGRAM   000580
__pidataBIGRAM                  idataBIGRAM  005D80
__ptext0                        text0        005BBA
__ptext1                        text1        005B6C
__ptext2                        text2        005B1E
__ramtop                        ramtop       000800
__size_of_delay                 (abs)        000000
__size_of_main                  (abs)        000000
__size_of_update_leds           (abs)        000000
__smallconst                    smallconst   000000
_delay                          text2        005B1E
_main                           text0        005BBA
_patterns                       dataBIGRAM   000580
_update_leds                    text1        005B6C
delay@delay                     cstackCOMRAM 000001
delay@i                         cstackCOMRAM 000004
end_of_initialization           cinit        005B66
intlevel0                       text         000000
intlevel1                       text         000000
intlevel2                       text         000000
intlevel3                       text         000000
main@direction                  cstackCOMRAM 00000E
main@i                          cstackCOMRAM 000010
main@leds                       cstackCOMRAM 00001E
main@pattern_group_index        cstackCOMRAM 000016
main@pattern_index              cstackCOMRAM 000012
main@porta                      cstackCOMRAM 00001A
main@portb                      cstackCOMRAM 00001B
main@portc                      cstackCOMRAM 00001C
main@portd                      cstackCOMRAM 00001D
stackhi                         (abs)        00057F
stacklo                         (abs)        000060
start                           init         000000
start_initialization            cinit        005B42
update_leds@pattern_group_index cstackCOMRAM 000001
update_leds@pattern_index       cstackCOMRAM 000005


FUNCTION INFORMATION:

 *************** function _main *****************
 Defined at:
		line 224 in file "newmain.c"
 Parameters:    Size  Location     Type
		None
 Auto vars:     Size  Location     Type
  i               2   15[COMRAM] int 
  portd           1   28[COMRAM] unsigned char 
  portc           1   27[COMRAM] unsigned char 
  portb           1   26[COMRAM] unsigned char 
  porta           1   25[COMRAM] unsigned char 
  leds            4   29[COMRAM] unsigned long 
  pattern_grou    4   21[COMRAM] unsigned long 
  pattern_inde    4   17[COMRAM] unsigned long 
  direction       2   13[COMRAM] unsigned int 
 Return value:  Size  Location     Type
		None               void
 Registers used:
		wreg, fsr2l, fsr2h, status,2, status,0, cstack
 Tracked objects:
		On entry : 
		On exit  : 
		Unchanged: 
 Data sizes:     COMRAM   BANK0   BANK1   BANK2   BANK3   BANK4   BANK5   BANK6   BANK7
      Params:         0       0       0       0       0       0       0       0       0
      Locals:        20       0       0       0       0       0       0       0       0
      Temps:          1       0       0       0       0       0       0       0       0
      Totals:        21       0       0       0       0       0       0       0       0
Total ram usage:       21 bytes
 Hardware stack levels required when called:    1
 This function calls:
		_delay
		_update_leds
 This function is called by:
		Startup code after reset
 This function uses a non-reentrant model


 *************** function _update_leds *****************
 Defined at:
		line 198 in file "newmain.c"
 Parameters:    Size  Location     Type
  pattern_grou    4    0[COMRAM] unsigned long 
  pattern_inde    4    4[COMRAM] unsigned long 
 Auto vars:     Size  Location     Type
		None
 Return value:  Size  Location     Type
                  4    0[COMRAM] unsigned long 
 Registers used:
		wreg, fsr2l, fsr2h, status,2, status,0
 Tracked objects:
		On entry : 
		On exit  : 
		Unchanged: 
 Data sizes:     COMRAM   BANK0   BANK1   BANK2   BANK3   BANK4   BANK5   BANK6   BANK7
      Params:         8       0       0       0       0       0       0       0       0
      Locals:         0       0       0       0       0       0       0       0       0
      Temps:          4       0       0       0       0       0       0       0       0
      Totals:        12       0       0       0       0       0       0       0       0
Total ram usage:       12 bytes
 Hardware stack levels used:    1
 This function calls:
		Nothing
 This function is called by:
		_main
 This function uses a non-reentrant model


 *************** function _delay *****************
 Defined at:
		line 218 in file "newmain.c"
 Parameters:    Size  Location     Type
  delay           2    0[COMRAM] int 
 Auto vars:     Size  Location     Type
  i               2    3[COMRAM] int 
 Return value:  Size  Location     Type
		None               void
 Registers used:
		wreg, status,2, status,0
 Tracked objects:
		On entry : 
		On exit  : 
		Unchanged: 
 Data sizes:     COMRAM   BANK0   BANK1   BANK2   BANK3   BANK4   BANK5   BANK6   BANK7
      Params:         2       0       0       0       0       0       0       0       0
      Locals:         2       0       0       0       0       0       0       0       0
      Temps:          1       0       0       0       0       0       0       0       0
      Totals:         5       0       0       0       0       0       0       0       0
Total ram usage:        5 bytes
 Hardware stack levels used:    1
 This function calls:
		Nothing
 This function is called by:
		_main
 This function uses a non-reentrant model



MODULE INFORMATION

Module		Function		Class		Link	Load	Size
newmain.c
		_delay         		CODE           	5B1E	0000	37
		_main          		CODE           	5BBA	0000	455
		_update_leds   		CODE           	5B6C	0000	79

newmain.c estimated size: 571

shared
		__initialization		CODE           	5B42	0000	37

shared estimated size: 37

